--------------------------------------------------------------------------------
Release 14.1 Trace  (nt64)
Copyright (c) 1995-2012 Xilinx, Inc.  All rights reserved.

C:\Xilinx\14.1\ISE_DS\ISE\bin\nt64\unwrapped\trce.exe -intstyle ise -v 3 -s 5
-n 3 -fastpaths -xml aufgabe1.twx aufgabe1.ncd -o aufgabe1.twr aufgabe1.pcf

Design file:              aufgabe1.ncd
Physical constraint file: aufgabe1.pcf
Device,package,speed:     xc3s200,ft256,-5 (PRODUCTION 1.39 2012-04-23)
Report level:             verbose report

Environment Variable      Effect 
--------------------      ------ 
NONE                      No environment variables were set
--------------------------------------------------------------------------------

INFO:Timing:2698 - No timing constraints found, doing default enumeration.
INFO:Timing:3412 - To improve timing, see the Timing Closure User Guide (UG612).
INFO:Timing:2752 - To get complete path coverage, use the unconstrained paths 
   option. All paths that are not constrained will be reported in the 
   unconstrained paths section(s) of the report.
INFO:Timing:3339 - The clock-to-out numbers in this timing report are based on 
   a 50 Ohm transmission line loading model.  For the details of this model, 
   and for more information on accounting for different loading conditions, 
   please see the device datasheet.
INFO:Timing:3390 - This architecture does not support a default System Jitter 
   value, please add SYSTEM_JITTER constraint to the UCF to modify the Clock 
   Uncertainty calculation.
INFO:Timing:3389 - This architecture does not support 'Discrete Jitter' and 
   'Phase Error' calculations, these terms will be zero in the Clock 
   Uncertainty calculation.  Please make appropriate modification to 
   SYSTEM_JITTER to account for the unsupported Discrete Jitter and Phase 
   Error.



Data Sheet report:
-----------------
All values displayed in nanoseconds (ns)

Clock clk to Pad
------------+------------+------------------+--------+
            | clk (edge) |                  | Clock  |
Destination |   to PAD   |Internal Clock(s) | Phase  |
------------+------------+------------------+--------+
an<0>       |   10.674(R)|clk_BUFGP         |   0.000|
an<1>       |    9.900(R)|clk_BUFGP         |   0.000|
an<2>       |   10.339(R)|clk_BUFGP         |   0.000|
an<3>       |   10.814(R)|clk_BUFGP         |   0.000|
dp          |    9.101(R)|clk_BUFGP         |   0.000|
seg<1>      |   11.910(R)|clk_BUFGP         |   0.000|
seg<2>      |   11.717(R)|clk_BUFGP         |   0.000|
seg<3>      |   12.582(R)|clk_BUFGP         |   0.000|
seg<4>      |   12.491(R)|clk_BUFGP         |   0.000|
seg<5>      |   12.051(R)|clk_BUFGP         |   0.000|
seg<6>      |   11.575(R)|clk_BUFGP         |   0.000|
seg<7>      |   11.528(R)|clk_BUFGP         |   0.000|
------------+------------+------------------+--------+

Clock to Setup on destination clock clk
---------------+---------+---------+---------+---------+
               | Src:Rise| Src:Fall| Src:Rise| Src:Fall|
Source Clock   |Dest:Rise|Dest:Rise|Dest:Fall|Dest:Fall|
---------------+---------+---------+---------+---------+
clk            |    3.419|         |         |         |
---------------+---------+---------+---------+---------+

Pad to Pad
---------------+---------------+---------+
Source Pad     |Destination Pad|  Delay  |
---------------+---------------+---------+
btn0           |dp             |    8.285|
btn1           |dp             |    7.687|
rst            |an<0>          |    8.493|
rst            |an<1>          |    7.724|
rst            |an<2>          |    8.163|
rst            |an<3>          |    8.633|
sw<0>          |seg<1>         |    9.109|
sw<0>          |seg<2>         |    9.962|
sw<0>          |seg<3>         |    9.718|
sw<0>          |seg<4>         |    9.909|
sw<0>          |seg<5>         |    9.448|
sw<0>          |seg<6>         |    9.782|
sw<0>          |seg<7>         |    9.815|
sw<1>          |seg<1>         |    9.577|
sw<1>          |seg<2>         |    9.384|
sw<1>          |seg<3>         |   10.249|
sw<1>          |seg<4>         |   10.158|
sw<1>          |seg<5>         |    9.718|
sw<1>          |seg<6>         |    9.033|
sw<1>          |seg<7>         |    9.064|
sw<2>          |seg<1>         |    8.830|
sw<2>          |seg<2>         |    9.902|
sw<2>          |seg<3>         |    9.125|
sw<2>          |seg<4>         |    9.034|
sw<2>          |seg<5>         |    9.196|
sw<2>          |seg<6>         |    9.921|
sw<2>          |seg<7>         |    9.651|
sw<3>          |seg<1>         |    9.120|
sw<3>          |seg<2>         |   10.172|
sw<3>          |seg<3>         |    9.431|
sw<3>          |seg<4>         |    9.340|
sw<3>          |seg<5>         |    9.773|
sw<3>          |seg<6>         |   10.290|
sw<3>          |seg<7>         |    9.957|
sw<4>          |seg<1>         |    8.548|
sw<4>          |seg<2>         |    9.401|
sw<4>          |seg<3>         |    9.157|
sw<4>          |seg<4>         |    9.348|
sw<4>          |seg<5>         |    8.887|
sw<4>          |seg<6>         |    9.221|
sw<4>          |seg<7>         |    9.254|
sw<5>          |seg<1>         |    9.427|
sw<5>          |seg<2>         |    9.234|
sw<5>          |seg<3>         |   10.099|
sw<5>          |seg<4>         |   10.008|
sw<5>          |seg<5>         |    9.568|
sw<5>          |seg<6>         |    8.883|
sw<5>          |seg<7>         |    8.914|
sw<6>          |seg<1>         |    8.158|
sw<6>          |seg<2>         |    9.230|
sw<6>          |seg<3>         |    8.453|
sw<6>          |seg<4>         |    8.362|
sw<6>          |seg<5>         |    8.524|
sw<6>          |seg<6>         |    9.249|
sw<6>          |seg<7>         |    8.979|
sw<7>          |seg<1>         |    8.216|
sw<7>          |seg<2>         |    9.268|
sw<7>          |seg<3>         |    8.527|
sw<7>          |seg<4>         |    8.436|
sw<7>          |seg<5>         |    8.869|
sw<7>          |seg<6>         |    9.386|
sw<7>          |seg<7>         |    9.053|
---------------+---------------+---------+


Analysis completed Tue Nov 15 11:23:11 2016 
--------------------------------------------------------------------------------

Trace Settings:
-------------------------
Trace Settings 

Peak Memory Usage: 138 MB



