AR hex4x7seg arch C:/Users/edc09/Documents/git/KDS/Aufgabe1/hex4x7seg.vhd sub00/vhpl01 1479205372
EN aufgabe1 NULL C:/Users/edc09/Documents/git/KDS/Aufgabe1/aufgabe1.vhd sub00/vhpl02 1479205373
EN hex4x7seg NULL C:/Users/edc09/Documents/git/KDS/Aufgabe1/hex4x7seg.vhd sub00/vhpl00 1479205371
AR aufgabe1 struktur C:/Users/edc09/Documents/git/KDS/Aufgabe1/aufgabe1.vhd sub00/vhpl03 1479205374
