AR hex4x7seg arch C:/Users/edc09/Documents/git/KDS/Aufgabe1/hex4x7seg.vhd sub00/vhpl01 1477381056
EN aufgabe1 NULL C:/Users/edc09/Documents/git/KDS/Aufgabe1/aufgabe1.vhd sub00/vhpl02 1477381057
EN hex4x7seg NULL C:/Users/edc09/Documents/git/KDS/Aufgabe1/hex4x7seg.vhd sub00/vhpl00 1477381055
AR aufgabe1 struktur C:/Users/edc09/Documents/git/KDS/Aufgabe1/aufgabe1.vhd sub00/vhpl03 1477381058
