AR hex4x7seg arch C:/Users/edc11/Documents/git/KDS/Aufgabe1/hex4x7seg.vhd sub00/vhpl01 1478599865
EN aufgabe1 NULL C:/Users/edc11/Documents/git/KDS/Aufgabe1/aufgabe1.vhd sub00/vhpl02 1478599866
EN hex4x7seg NULL C:/Users/edc11/Documents/git/KDS/Aufgabe1/hex4x7seg.vhd sub00/vhpl00 1478599864
AR aufgabe1 struktur C:/Users/edc11/Documents/git/KDS/Aufgabe1/aufgabe1.vhd sub00/vhpl03 1478599867
