V3 7
FL C:/Users/edc09/Documents/git/KDS/Aufgabe1/aufgabe1.vhd 2016/11/15.09:34:57 P.15xf
EN work/aufgabe1 1479205373 \
      FL C:/Users/edc09/Documents/git/KDS/Aufgabe1/aufgabe1.vhd \
      PB ieee/std_logic_1164 1335251622
AR work/aufgabe1/struktur 1479205374 \
      FL C:/Users/edc09/Documents/git/KDS/Aufgabe1/aufgabe1.vhd EN work/aufgabe1 1479205373 \
      CP hex4x7seg
FL C:/Users/edc09/Documents/git/KDS/Aufgabe1/hex4x7seg.vhd 2016/11/15.11:22:06 P.15xf
EN work/hex4x7seg 1479205371 \
      FL C:/Users/edc09/Documents/git/KDS/Aufgabe1/hex4x7seg.vhd \
      PB ieee/std_logic_1164 1335251622 PB ieee/STD_LOGIC_UNSIGNED 1335251625 \
      PB ieee/NUMERIC_STD 1335251627
AR work/hex4x7seg/arch 1479205372 \
      FL C:/Users/edc09/Documents/git/KDS/Aufgabe1/hex4x7seg.vhd \
      EN work/hex4x7seg 1479205371
