V3 9
FL C:/Users/edc09/Documents/git/KDS/Aufgabe1/aufgabe1.vhd 2016/10/25.09:32:22 P.15xf
FL C:/Users/edc09/Documents/git/KDS/Aufgabe1/hex4x7seg.vhd 2016/10/25.09:32:22 P.15xf
FL C:/Users/edc11/Documents/git/KDS/Aufgabe1/aufgabe1.vhd 2016/11/08.09:35:18 P.15xf
EN work/aufgabe1 1478599866 \
      FL C:/Users/edc11/Documents/git/KDS/Aufgabe1/aufgabe1.vhd \
      PB ieee/std_logic_1164 1335251622
AR work/aufgabe1/struktur 1478599867 \
      FL C:/Users/edc11/Documents/git/KDS/Aufgabe1/aufgabe1.vhd EN work/aufgabe1 1478599866 \
      CP hex4x7seg
FL C:/Users/edc11/Documents/git/KDS/Aufgabe1/hex4x7seg.vhd 2016/11/08.11:09:02 P.15xf
EN work/hex4x7seg 1478599864 \
      FL C:/Users/edc11/Documents/git/KDS/Aufgabe1/hex4x7seg.vhd \
      PB ieee/std_logic_1164 1335251622 PB ieee/STD_LOGIC_UNSIGNED 1335251625 \
      PB ieee/NUMERIC_STD 1335251627
AR work/hex4x7seg/arch 1478599865 \
      FL C:/Users/edc11/Documents/git/KDS/Aufgabe1/hex4x7seg.vhd \
      EN work/hex4x7seg 1478599864
